main.c:92:5:main	72	static
main.c:168:6:SystemClock_Config	88	static
main.c:208:13:MX_ADC1_Init	24	static
main.c:258:13:MX_ADC2_Init	24	static
main.c:308:13:MX_ADC3_Init	24	static
main.c:358:13:MX_CAN2_Init	8	static
main.c:395:13:MX_I2C1_Init	8	static
main.c:429:13:MX_SPI1_Init	8	static
main.c:467:13:MX_TIM1_Init	96	static
main.c:550:13:MX_UART4_Init	8	static
main.c:581:13:MX_DMA_Init	16	static
main.c:599:13:MX_GPIO_Init	40	static
main.c:631:10:getRawVoltage	8	static
main.c:638:10:getRawCurrent	8	static
main.c:645:7:convertVoltage	16	static
main.c:650:7:convertCurrent	16	static
main.c:655:6:validateAll	16	static
main.c:666:6:Error_Handler	4	static,ignoring_inline_asm
