main.c:90:5:main	32	static
main.c:182:6:SystemClock_Config	232	static
main.c:244:13:MX_ADC1_Init	48	static
main.c:309:13:MX_ADC2_Init	32	static
main.c:366:13:MX_ADC3_Init	32	static
main.c:423:13:MX_TIM1_Init	128	static
main.c:518:13:MX_TIM15_Init	40	static
main.c:565:13:MX_USART2_UART_Init	8	static
main.c:600:13:MX_GPIO_Init	48	static
main.c:639:6:HAL_TIM_PeriodElapsedCallback	16	static
main.c:653:14:adc_voltage_conversion	24	static
main.c:658:14:temperature_sensing	24	static
main.c:666:14:current_sensing	24	static
main.c:678:6:Error_Handler	4	static
